time="<time>" level=fatal msg="while creating GitHub client: GitHub authorization is required, provide ACCESS_TOKEN or APP_ID"
